Microchip MPLAB XC8 Compiler V2.45

Linker command line:

-W-3 \
  --edf=C:\Program Files\Microchip\xc8\v2.45\pic\dat\20230818022343_en.msgs \
  -cn -h+dist/default/debug\simpcallcc.debug.sym \
  --cmf=dist/default/debug\simpcallcc.debug.cmf -z -Q18F4620 \
  -oC:\Users\polam\AppData\Local\Temp\xcAs63c.\driver_tmp_3.o \
  --defsym=__MPLAB_BUILD=1 --fixupoverflow=error \
  -Mdist/default/debug/simpcallcc.debug.map \
  --md=C:\Users\polam\AppData\Local\Temp\xcAs63c.\driver_tmp_0.dat -E1 \
  -ver=XC8 Compiler --acfsm=1493 -ACODE=00h-0FFFFh -ACONST=00h-0FFFFh \
  -ASMALLCONST=01000h-010FFhx240 -AMEDIUMCONST=01000h-0FFFFh \
  -ACOMRAM=01h-07Fh -AABS1=00h-0F7Fh -ABIGRAM=01h-0F7Fh \
  -ARAM=080h-0FFh,0100h-01FFhx14,0F00h-0F7Fh -ABANK0=080h-0FFh \
  -ABANK1=0100h-01FFh -ABANK2=0200h-02FFh -ABANK3=0300h-03FFh \
  -ABANK4=0400h-04FFh -ABANK5=0500h-05FFh -ABANK6=0600h-06FFh \
  -ABANK7=0700h-07FFh -ABANK8=0800h-08FFh -ABANK9=0900h-09FFh \
  -ABANK10=0A00h-0AFFh -ABANK11=0B00h-0BFFh -ABANK12=0C00h-0CFFh \
  -ABANK13=0D00h-0DFFh -ABANK14=0E00h-0EFFh -ABANK15=0F00h-0F7Fh \
  -ASFR=0F80h-0FFFh -ABIGSFR=0F80h-0FFFh -ACONFIG=0300000h-030000Dh \
  -AIDLOC=0200000h-0200007h -AEEDATA=0F00000h-0F003FFh -peeprom_data=EEDATA \
  -preset_vec=00h,intcode,intcodelo,powerup,init -pramtop=01000h \
  -psmallconst=SMALLCONST -pmediumconst=MEDIUMCONST -pconst=CONST \
  -AFARRAM=00h-00h \
  -prdata=COMRAM,nvrram=COMRAM,nvbit=COMRAM,rbss=COMRAM,rbit=COMRAM \
  -pfarbss=FARRAM,fardata=FARRAM,nvFARRAM=FARRAM \
  -pintsave_regs=BIGRAM,bigbss=BIGRAM,bigdata=BIGRAM -pbss=RAM \
  -pidata=CODE,irdata=CODE,ibigdata=CODE,ifardata=CODE -prparam=COMRAM \
  C:\Users\polam\AppData\Local\Temp\xcAs63c.\driver_tmp_14.o \
  dist/default/debug\simpcallcc.debug.o 

Object code version is 3.11

Machine type is 18F4620



                Name                               Link     Load   Length Selector   Space Scale
C:\Users\polam\AppData\Local\Temp\xcAs63c.\driver_tmp_14.o
                init                                  0        0        4        0       0
dist/default/debug\simpcallcc.debug.o
                smallconst                         1000     1000       20      800       0
                text26                             1D4E     1D4E       5C      810       0
                text25                             1418     1418      126      810       0
                text24                             153E     153E      110      810       0
                text23                             1C38     1C38       5E      810       0
                text22                             1BD0     1BD0       68      810       0
                text21                             1FE2     1FE2       24      FF1       0
                text20                             1DFE     1DFE       50      810       0
                text19                             1CF2     1CF2       5C      810       0
                text18                             164E     164E       EA      810       0
                text17                             2006     2006       12      FF1       0
                text16                             1F82     1F82       30      810       0
                text15                             180E     180E       C4      810       0
                text14                             18D2     18D2       B0      810       0
                text13                             1F4E     1F4E       34      810       0
                text12                             2018     2018        2      FF1       0
                text11                             1982     1982       AA      810       0
                text10                             1260     1260      1B8      810       0
                text9                              1EDC     1EDC       3E      810       0
                text8                              1F1A     1F1A       34      810       0
                text7                              1DAA     1DAA       54      810       0
                text6                              1A2C     1A2C       A4      810       0
                text5                              1738     1738       D6      810       0
                text4                              1C96     1C96       5C      810       0
                text3                              1E4E     1E4E       4C      810       0
                text2                              1AD0     1AD0       98      810       0
                text1                              1B68     1B68       68      810       0
                text0                              1020     1020      240      810       0
                cstackCOMRAM                          1        1       35        1       1
                bssBANK0                             80       80       20       80       1
                dataCOMRAM                           36       36       2F        1       1
                bssCOMRAM                            65       65       12        1       1
                cinit                              1E9A     1E9A       42      810       0
                idataCOMRAM                        1FB2     1FB2       2F      810       0

TOTAL           Name                               Link     Load   Length     Space
        CLASS   CODE           
                init                                  0        0        4         0
                text26                             1D4E     1D4E       5C         0
                text25                             1418     1418      126         0
                text24                             153E     153E      110         0
                text23                             1C38     1C38       5E         0
                text22                             1BD0     1BD0       68         0
                text21                             1FE2     1FE2       24         0
                text20                             1DFE     1DFE       50         0
                text19                             1CF2     1CF2       5C         0
                text18                             164E     164E       EA         0
                text17                             2006     2006       12         0
                text16                             1F82     1F82       30         0
                text15                             180E     180E       C4         0
                text14                             18D2     18D2       B0         0
                text13                             1F4E     1F4E       34         0
                text12                             2018     2018        2         0
                text11                             1982     1982       AA         0
                text10                             1260     1260      1B8         0
                text9                              1EDC     1EDC       3E         0
                text8                              1F1A     1F1A       34         0
                text7                              1DAA     1DAA       54         0
                text6                              1A2C     1A2C       A4         0
                text5                              1738     1738       D6         0
                text4                              1C96     1C96       5C         0
                text3                              1E4E     1E4E       4C         0
                text2                              1AD0     1AD0       98         0
                text1                              1B68     1B68       68         0
                text0                              1020     1020      240         0
                cinit                              1E9A     1E9A       42         0
                idataCOMRAM                        1FB2     1FB2       2F         0

        CLASS   CONST          

        CLASS   SMALLCONST     
                smallconst                         1000     1000       20         0

        CLASS   MEDIUMCONST    

        CLASS   COMRAM         
                cstackCOMRAM                          1        1       35         1
                dataCOMRAM                           36       36       2F         1
                bssCOMRAM                            65       65       12         1

        CLASS   ABS1           

        CLASS   BIGRAM         

        CLASS   RAM            

        CLASS   BANK0          
                bssBANK0                             80       80       20         1

        CLASS   BANK1          

        CLASS   BANK2          

        CLASS   BANK3          

        CLASS   BANK4          

        CLASS   BANK5          

        CLASS   BANK6          

        CLASS   BANK7          

        CLASS   BANK8          

        CLASS   BANK9          

        CLASS   BANK10         

        CLASS   BANK11         

        CLASS   BANK12         

        CLASS   BANK13         

        CLASS   BANK14         

        CLASS   BANK15         

        CLASS   SFR            

        CLASS   BIGSFR         

        CLASS   CONFIG         

        CLASS   IDLOC          

        CLASS   EEDATA         

        CLASS   FARRAM         

        CLASS   HEAP           

        CLASS   STACK          



SEGMENTS        Name                           Load    Length   Top    Selector   Space  Class

                reset_vec                      000000  000004  000004         0       0  CODE    
                cstackCOMRAM                   000001  000076  000077         1       1  COMRAM  
                bssBANK0                       000080  000020  0000A0        80       1  BANK0   
                smallconst                     001000  000020  001020       800       0  SMALLCON
                text0                          001020  000FC1  001FE1       810       0  CODE    
                text21                         001FE2  000038  00201A       FF1       0  CODE    


UNUSED ADDRESS RANGES

        Name                Unused          Largest block    Delta
        BANK0            00A0-00FF             60
        BANK1            0100-01FF            100
        BANK10           0A00-0AFF            100
        BANK11           0B00-0BFF            100
        BANK12           0C00-0CFF            100
        BANK13           0D00-0DFF            100
        BANK14           0E00-0EFF            100
        BANK15           0F00-0F7F             80
        BANK2            0200-02FF            100
        BANK3            0300-03FF            100
        BANK4            0400-04FF            100
        BANK5            0500-05FF            100
        BANK6            0600-06FF            100
        BANK7            0700-07FF            100
        BANK8            0800-08FF            100
        BANK9            0900-09FF            100
        BIGRAM           0077-007F              9
                         00A0-0F7F            EE0
        BIGSFR           0F80-0FFF             80
        CODE             0004-0FFF            FFC
                         1FE1-1FE1              1
                         201A-FFFF           DFE6
        COMRAM           0077-007F              9
        CONFIG           300000-30000D              E
        CONST            0004-0FFF            FFC
                         1FE1-1FE1              1
                         201A-FFFF           DFE6
        EEDATA           F00000-F003FF            400
        IDLOC            200000-200007              8
        MEDIUMCONST      1FE1-1FE1              1
                         201A-FFFF           DFE6
        RAM              00A0-0F7F            100
        SFR              0F80-0FFF             80
        SMALLCONST       1FE1-1FE1              1
                         201A-FFFF            100

                                  Symbol Table

?___awdiv                                cstackCOMRAM 0001
?___awmod                                cstackCOMRAM 0001
?_abs                                    cstackCOMRAM 0007
?_sprintf                                cstackCOMRAM 001A
?_vfprintf                               cstackCOMRAM 0016
_LATA                                    (abs)        0F89
_LATB                                    (abs)        0F8A
_LATC                                    (abs)        0F8B
_LATD                                    (abs)        0F8C
_LATE                                    (abs)        0F8D
_PORTA                                   (abs)        0F80
_PORTB                                   (abs)        0F81
_PORTC                                   (abs)        0F82
_PORTD                                   (abs)        0F83
_PORTE                                   (abs)        0F84
_TRISA                                   (abs)        0F92
_TRISB                                   (abs)        0F93
_TRISC                                   (abs)        0F94
_TRISD                                   (abs)        0F95
_TRISE                                   (abs)        0F96
__HRAM                                   (abs)        0000
__H__absolute__                          __absolute__ 0000
__Habs1                                  abs1         0000
__Hbank0                                 bank0        0000
__Hbank1                                 bank1        0000
__Hbank10                                bank10       0000
__Hbank11                                bank11       0000
__Hbank12                                bank12       0000
__Hbank13                                bank13       0000
__Hbank14                                bank14       0000
__Hbank15                                bank15       0000
__Hbank2                                 bank2        0000
__Hbank3                                 bank3        0000
__Hbank4                                 bank4        0000
__Hbank5                                 bank5        0000
__Hbank6                                 bank6        0000
__Hbank7                                 bank7        0000
__Hbank8                                 bank8        0000
__Hbank9                                 bank9        0000
__Hbigbss                                bigbss       0000
__Hbigdata                               bigdata      0000
__Hbigram                                bigram       0000
__Hbigsfr                                bigsfr       0000
__Hbss                                   bss          0000
__HbssBANK0                              bssBANK0     0000
__HbssCOMRAM                             bssCOMRAM    0000
__Hcinit                                 cinit        0000
__Hclrtext                               clrtext      0000
__Hcomram                                comram       0000
__Hconfig                                config       0000
__Hconst                                 const        0000
__HcstackCOMRAM                          cstackCOMRAM 0000
__Hdata                                  data         0000
__HdataCOMRAM                            dataCOMRAM   0000
__Heeprom_data                           eeprom_data  0000
__Hfarbss                                farbss       0000
__Hfardata                               fardata      0000
__Hheap                                  heap         0000
__Hibigdata                              ibigdata     0000
__Hidata                                 idata        0000
__HidataCOMRAM                           idataCOMRAM  0000
__Hidloc                                 idloc        0000
__Hifardata                              ifardata     0000
__Hinit                                  init         0004
__Hintcode                               intcode      0000
__Hintcode_body                          intcode_body 0000
__Hintcodelo                             intcodelo    0000
__Hintentry                              intentry     0000
__Hintret                                intret       0000
__Hintsave_regs                          intsave_regs 0000
__Hirdata                                irdata       0000
__Hmediumconst                           mediumconst  0000
__HnvFARRAM                              nvFARRAM     0000
__Hnvbit                                 nvbit        0000
__Hnvrram                                nvrram       0000
__Hparam                                 rparam       0000
__Hpowerup                               powerup      0000
__Hram                                   ram          0000
__Hramtop                                ramtop       1000
__Hrbit                                  rbit         0000
__Hrbss                                  rbss         0000
__Hrdata                                 rdata        0000
__Hreset_vec                             reset_vec    0000
__Hrparam                                rparam       0000
__Hsfr                                   sfr          0000
__Hsmallconst                            smallconst   1020
__Hspace_0                               (abs)        201A
__Hspace_1                               (abs)        00A0
__Hspace_2                               (abs)        0000
__Hspace_4                               (abs)        0000
__Hstack                                 stack        0000
__Hstruct                                struct       0000
__Htemp                                  temp         0000
__Htext                                  text         0000
__Htext0                                 text0        0000
__Htext1                                 text1        0000
__Htext10                                text10       0000
__Htext11                                text11       0000
__Htext12                                text12       0000
__Htext13                                text13       0000
__Htext14                                text14       0000
__Htext15                                text15       0000
__Htext16                                text16       0000
__Htext17                                text17       0000
__Htext18                                text18       0000
__Htext19                                text19       0000
__Htext2                                 text2        0000
__Htext20                                text20       0000
__Htext21                                text21       0000
__Htext22                                text22       0000
__Htext23                                text23       0000
__Htext24                                text24       0000
__Htext25                                text25       0000
__Htext26                                text26       0000
__Htext3                                 text3        0000
__Htext4                                 text4        0000
__Htext5                                 text5        0000
__Htext6                                 text6        0000
__Htext7                                 text7        0000
__Htext8                                 text8        0000
__Htext9                                 text9        0000
__LRAM                                   (abs)        0001
__L__absolute__                          __absolute__ 0000
__Labs1                                  abs1         0000
__Lbank0                                 bank0        0000
__Lbank1                                 bank1        0000
__Lbank10                                bank10       0000
__Lbank11                                bank11       0000
__Lbank12                                bank12       0000
__Lbank13                                bank13       0000
__Lbank14                                bank14       0000
__Lbank15                                bank15       0000
__Lbank2                                 bank2        0000
__Lbank3                                 bank3        0000
__Lbank4                                 bank4        0000
__Lbank5                                 bank5        0000
__Lbank6                                 bank6        0000
__Lbank7                                 bank7        0000
__Lbank8                                 bank8        0000
__Lbank9                                 bank9        0000
__Lbigbss                                bigbss       0000
__Lbigdata                               bigdata      0000
__Lbigram                                bigram       0000
__Lbigsfr                                bigsfr       0000
__Lbss                                   bss          0000
__LbssBANK0                              bssBANK0     0000
__LbssCOMRAM                             bssCOMRAM    0000
__Lcinit                                 cinit        0000
__Lclrtext                               clrtext      0000
__Lcomram                                comram       0000
__Lconfig                                config       0000
__Lconst                                 const        0000
__LcstackCOMRAM                          cstackCOMRAM 0000
__Ldata                                  data         0000
__LdataCOMRAM                            dataCOMRAM   0000
__Leeprom_data                           eeprom_data  0000
__Lfarbss                                farbss       0000
__Lfardata                               fardata      0000
__Lheap                                  heap         0000
__Libigdata                              ibigdata     0000
__Lidata                                 idata        0000
__LidataCOMRAM                           idataCOMRAM  0000
__Lidloc                                 idloc        0000
__Lifardata                              ifardata     0000
__Linit                                  init         0000
__Lintcode                               intcode      0000
__Lintcode_body                          intcode_body 0000
__Lintcodelo                             intcodelo    0000
__Lintentry                              intentry     0000
__Lintret                                intret       0000
__Lintsave_regs                          intsave_regs 0000
__Lirdata                                irdata       0000
__Lmediumconst                           mediumconst  0000
__LnvFARRAM                              nvFARRAM     0000
__Lnvbit                                 nvbit        0000
__Lnvrram                                nvrram       0000
__Lparam                                 rparam       0000
__Lpowerup                               powerup      0000
__Lram                                   ram          0000
__Lramtop                                ramtop       1000
__Lrbit                                  rbit         0000
__Lrbss                                  rbss         0000
__Lrdata                                 rdata        0000
__Lreset_vec                             reset_vec    0000
__Lrparam                                rparam       0000
__Lsfr                                   sfr          0000
__Lsmallconst                            smallconst   1000
__Lspace_0                               (abs)        0000
__Lspace_1                               (abs)        0000
__Lspace_2                               (abs)        0000
__Lspace_4                               (abs)        0000
__Lstack                                 stack        0000
__Lstruct                                struct       0000
__Ltemp                                  temp         0000
__Ltext                                  text         0000
__Ltext0                                 text0        0000
__Ltext1                                 text1        0000
__Ltext10                                text10       0000
__Ltext11                                text11       0000
__Ltext12                                text12       0000
__Ltext13                                text13       0000
__Ltext14                                text14       0000
__Ltext15                                text15       0000
__Ltext16                                text16       0000
__Ltext17                                text17       0000
__Ltext18                                text18       0000
__Ltext19                                text19       0000
__Ltext2                                 text2        0000
__Ltext20                                text20       0000
__Ltext21                                text21       0000
__Ltext22                                text22       0000
__Ltext23                                text23       0000
__Ltext24                                text24       0000
__Ltext25                                text25       0000
__Ltext26                                text26       0000
__Ltext3                                 text3        0000
__Ltext4                                 text4        0000
__Ltext5                                 text5        0000
__Ltext6                                 text6        0000
__Ltext7                                 text7        0000
__Ltext8                                 text8        0000
__Ltext9                                 text9        0000
__S0                                     (abs)        201A
__S1                                     (abs)        00A0
__S4                                     (abs)        0000
__S5                                     (abs)        0000
___awdiv                                 text15       180E
___awdiv@counter                         cstackCOMRAM 0005
___awdiv@dividend                        cstackCOMRAM 0001
___awdiv@divisor                         cstackCOMRAM 0003
___awdiv@quotient                        cstackCOMRAM 0007
___awdiv@sign                            cstackCOMRAM 0006
___awmod                                 text14       18D2
___awmod@counter                         cstackCOMRAM 0005
___awmod@dividend                        cstackCOMRAM 0001
___awmod@divisor                         cstackCOMRAM 0003
___awmod@sign                            cstackCOMRAM 0006
___heap_hi                               (abs)        0000
___heap_lo                               (abs)        0000
___inthi_sp                              stack        0000
___inthi_stack_hi                        stack        0000
___inthi_stack_lo                        stack        0000
___intlo_sp                              stack        0000
___intlo_stack_hi                        stack        0000
___intlo_stack_lo                        stack        0000
___lbdiv                                 text26       1D4E
___lbdiv@counter                         cstackCOMRAM 0003
___lbdiv@dividend                        cstackCOMRAM 0002
___lbdiv@divisor                         cstackCOMRAM 0001
___lbdiv@quotient                        cstackCOMRAM 0004
___param_bank                            (abs)        0000
___rparam_used                           (abs)        0001
___sp                                    stack        0000
___stack_hi                              stack        0000
___stack_lo                              stack        0000
__accesstop                              (abs)        0080
__activetblptr                           (abs)        0002
__end_of___awdiv                         text15       18D2
__end_of___awmod                         text14       1982
__end_of___lbdiv                         text26       1DAA
__end_of__initialization                 cinit        1ED2
__end_of_abs                             text13       1F82
__end_of_application_intialize           text17       2018
__end_of_btn_values                      smallconst   1011
__end_of_convert_int_to_string           text7        1DFE
__end_of_fputc                           text11       1A2C
__end_of_gpio_pin_direction_intialize    text25       153E
__end_of_gpio_pin_intialize              text23       1C96
__end_of_gpio_pin_read_logic             text6        1AD0
__end_of_gpio_pin_write_logic            text24       164E
__end_of_keypad_get_value                text5        180E
__end_of_keypad_initialize               text22       1C38
__end_of_lcd_4bit_initialize             text18       1738
__end_of_lcd_4bit_send_char_data         text4        1CF2
__end_of_lcd_4bit_send_command           text19       1D4E
__end_of_lcd_4bit_send_enable_signal     text21       2006
__end_of_lcd_4bit_send_string            text3        1E9A
__end_of_lcd_4bit_send_string_position   text1        1BD0
__end_of_lcd_4bit_set_cursor             text2        1B68
__end_of_lcd_send_4bits                  text20       1E4E
__end_of_main                            text0        1260
__end_of_memset                          text16       1FB2
__end_of_putch                           text12       201A
__end_of_sprintf                         text8        1F4E
__end_of_vfpfcnvrt                       text10       1418
__end_of_vfprintf                        text9        1F1A
__initialization                         cinit        1E9A
__mediumconst                            mediumconst  0000
__pbssBANK0                              bssBANK0     0080
__pbssCOMRAM                             bssCOMRAM    0065
__pcinit                                 cinit        1E9A
__pcstackCOMRAM                          cstackCOMRAM 0001
__pdataCOMRAM                            dataCOMRAM   0036
__pidataCOMRAM                           idataCOMRAM  1FB2
__psmallconst                            smallconst   1000
__ptext0                                 text0        1020
__ptext1                                 text1        1B68
__ptext10                                text10       1260
__ptext11                                text11       1982
__ptext12                                text12       2018
__ptext13                                text13       1F4E
__ptext14                                text14       18D2
__ptext15                                text15       180E
__ptext16                                text16       1F82
__ptext17                                text17       2006
__ptext18                                text18       164E
__ptext19                                text19       1CF2
__ptext2                                 text2        1AD0
__ptext20                                text20       1DFE
__ptext21                                text21       1FE2
__ptext22                                text22       1BD0
__ptext23                                text23       1C38
__ptext24                                text24       153E
__ptext25                                text25       1418
__ptext26                                text26       1D4E
__ptext3                                 text3        1E4E
__ptext4                                 text4        1C96
__ptext5                                 text5        1738
__ptext6                                 text6        1A2C
__ptext7                                 text7        1DAA
__ptext8                                 text8        1F1A
__ptext9                                 text9        1EDC
__ramtop                                 ramtop       1000
__smallconst                             smallconst   1000
_abs                                     text13       1F4E
_answer_numebr                           bssCOMRAM    006A
_application_intialize                   text17       2006
_btn_values                              smallconst   1001
_convert_int_to_string                   text7        1DAA
_dbuf                                    bssBANK0     0080
_final_answer                            bssCOMRAM    006C
_flags                                   bssCOMRAM    0069
_fputc                                   text11       1982
_gpio_pin_direction_intialize            text25       1418
_gpio_pin_intialize                      text23       1C38
_gpio_pin_read_logic                     text6        1A2C
_gpio_pin_write_logic                    text24       153E
_keypad                                  dataCOMRAM   0056
_keypad_get_value                        text5        1738
_keypad_initialize                       text22       1BD0
_last_char                               dataCOMRAM   0054
_lat_registers                           dataCOMRAM   0040
_lcd                                     dataCOMRAM   005E
_lcd_4bit_initialize                     text18       164E
_lcd_4bit_send_char_data                 text4        1C96
_lcd_4bit_send_command                   text19       1CF2
_lcd_4bit_send_enable_signal             text21       1FE2
_lcd_4bit_send_string                    text3        1E4E
_lcd_4bit_send_string_position           text1        1B68
_lcd_4bit_set_cursor                     text2        1AD0
_lcd_send_4bits                          text20       1DFE
_main                                    text0        1020
_memset                                  text16       1F82
_port_registers                          dataCOMRAM   0036
_prec                                    bssCOMRAM    0067
_putch                                   text12       2018
_ret                                     dataCOMRAM   0055
_ret_val_from_kpad                       dataCOMRAM   0064
_sprintf                                 text8        1F1A
_temp_number                             bssCOMRAM    006B
_tris_registers                          dataCOMRAM   004A
_vfpfcnvrt                               text10       1260
_vfprintf                                text9        1EDC
_width                                   bssCOMRAM    0065
abs@a                                    cstackCOMRAM 0007
convert_int_to_string@ret                cstackCOMRAM 0032
convert_int_to_string@str                cstackCOMRAM 0031
convert_int_to_string@value              cstackCOMRAM 002D
end_of_initialization                    cinit        1ED2
fputc@c                                  cstackCOMRAM 0001
fputc@fp                                 cstackCOMRAM 0003
gpio_pin_direction_intialize@_pin_config cstackCOMRAM 0001
gpio_pin_direction_intialize@ret         cstackCOMRAM 0007
gpio_pin_intialize@_pin_config           cstackCOMRAM 0009
gpio_pin_intialize@ret                   cstackCOMRAM 000B
gpio_pin_read_logic@_pin_config          cstackCOMRAM 0001
gpio_pin_read_logic@logic                cstackCOMRAM 0002
gpio_pin_read_logic@ret                  cstackCOMRAM 0007
gpio_pin_write_logic@_pin_config         cstackCOMRAM 0001
gpio_pin_write_logic@logic               cstackCOMRAM 0002
gpio_pin_write_logic@ret                 cstackCOMRAM 0008
intlevel0                                text         0000
intlevel1                                text         0000
intlevel2                                text         0000
intlevel3                                text         0000
isa$std                                  (abs)        0001
isa$xinst                                (abs)        0000
keypad_get_value@col                     cstackCOMRAM 000F
keypad_get_value@keypad                  cstackCOMRAM 0009
keypad_get_value@keypad_pressed          cstackCOMRAM 000C
keypad_get_value@logic                   cstackCOMRAM 000E
keypad_get_value@ret                     cstackCOMRAM 000D
keypad_get_value@rows                    cstackCOMRAM 0010
keypad_get_value@value                   cstackCOMRAM 000A
keypad_initialize@_keypad_obj            cstackCOMRAM 000C
keypad_initialize@columns_counter        cstackCOMRAM 000F
keypad_initialize@ret                    cstackCOMRAM 000D
keypad_initialize@rows_counter           cstackCOMRAM 000E
lcd_4bit_initialize@_lcd_                cstackCOMRAM 000F
lcd_4bit_initialize@l_data_pins_counter  cstackCOMRAM 0011
lcd_4bit_initialize@ret                  cstackCOMRAM 0012
lcd_4bit_send_char_data@_lcd_            cstackCOMRAM 000C
lcd_4bit_send_char_data@data             cstackCOMRAM 000D
lcd_4bit_send_char_data@ret              cstackCOMRAM 000E
lcd_4bit_send_command@_lcd_              cstackCOMRAM 000C
lcd_4bit_send_command@command            cstackCOMRAM 000D
lcd_4bit_send_command@ret                cstackCOMRAM 000E
lcd_4bit_send_enable_signal@_lcd_        cstackCOMRAM 0009
lcd_4bit_send_enable_signal@ret          cstackCOMRAM 000A
lcd_4bit_send_string@_lcd_               cstackCOMRAM 000F
lcd_4bit_send_string@ret                 cstackCOMRAM 0011
lcd_4bit_send_string@str                 cstackCOMRAM 0010
lcd_4bit_send_string_position@_lcd_      cstackCOMRAM 0015
lcd_4bit_send_string_position@column     cstackCOMRAM 0017
lcd_4bit_send_string_position@ret        cstackCOMRAM 0019
lcd_4bit_send_string_position@row        cstackCOMRAM 0016
lcd_4bit_send_string_position@str        cstackCOMRAM 0018
lcd_4bit_set_cursor@_lcd_                cstackCOMRAM 000F
lcd_4bit_set_cursor@coulmn               cstackCOMRAM 0011
lcd_4bit_set_cursor@ret                  cstackCOMRAM 0014
lcd_4bit_set_cursor@row                  cstackCOMRAM 0010
lcd_send_4bits@_data_command             cstackCOMRAM 000A
lcd_send_4bits@_lcd_                     cstackCOMRAM 0009
lcd_send_4bits@ret                       cstackCOMRAM 000B
main@ret                                 cstackCOMRAM 0035
memset@c                                 cstackCOMRAM 0002
memset@dest                              cstackCOMRAM 0001
memset@n                                 cstackCOMRAM 0004
memset@p                                 cstackCOMRAM 0006
sprintf@ap                               cstackCOMRAM 0020
sprintf@f                                cstackCOMRAM 0021
sprintf@fmt                              cstackCOMRAM 001B
sprintf@s                                cstackCOMRAM 001A
stackhi                                  (abs)        0000
stacklo                                  (abs)        0000
start                                    init         0000
start_initialization                     cinit        1E9A
vfpfcnvrt@ap                             cstackCOMRAM 000D
vfpfcnvrt@c                              cstackCOMRAM 0015
vfpfcnvrt@convarg                        cstackCOMRAM 0011
vfpfcnvrt@cp                             cstackCOMRAM 0010
vfpfcnvrt@done                           cstackCOMRAM 000F
vfpfcnvrt@fmt                            cstackCOMRAM 000C
vfpfcnvrt@fp                             cstackCOMRAM 000B
vfprintf@ap                              cstackCOMRAM 0018
vfprintf@cfmt                            cstackCOMRAM 0019
vfprintf@fmt                             cstackCOMRAM 0017
vfprintf@fp                              cstackCOMRAM 0016


MODULE INFORMATION

Module		Function		Class		Link	Load	Size
MCU_Layer/keypad/ecu_keypad.c
		_keypad_get_value		CODE           	1738	0000	214
		_keypad_initialize		CODE           	1BD0	0000	104

MCU_Layer/keypad/ecu_keypad.c estimated size: 318

C:\Program Files\Microchip\xc8\v2.45\pic\sources\c99\common\lbdiv.c
		___lbdiv       		CODE           	1D4E	0000	92

C:\Program Files\Microchip\xc8\v2.45\pic\sources\c99\common\lbdiv.c estimated size: 92

MCU_Layer/char_lcd/ecu_char_lcd.c
		_lcd_4bit_send_command		CODE           	1CF2	0000	92
		_lcd_4bit_send_char_data		CODE           	1C96	0000	92
		_lcd_send_4bits		CODE           	1DFE	0000	80
		_convert_int_to_string		CODE           	1DAA	0000	84
		_lcd_4bit_send_string_position		CODE           	1B68	0000	104
		_lcd_4bit_set_cursor		CODE           	1AD0	0000	152
		_lcd_4bit_send_enable_signal		CODE           	1FE2	0000	36
		_lcd_4bit_initialize		CODE           	164E	0000	234
		_lcd_4bit_send_string		CODE           	1E4E	0000	76

MCU_Layer/char_lcd/ecu_char_lcd.c estimated size: 950

C:\Program Files\Microchip\xc8\v2.45\pic\sources\c99\common\nf_sprintf.c
		_sprintf       		CODE           	1F1A	0000	52

C:\Program Files\Microchip\xc8\v2.45\pic\sources\c99\common\nf_sprintf.c estimated size: 52

C:\Program Files\Microchip\xc8\v2.45\pic\sources\c99\common\awmod.c
		___awmod       		CODE           	18D2	0000	176

C:\Program Files\Microchip\xc8\v2.45\pic\sources\c99\common\awmod.c estimated size: 176

C:\Program Files\Microchip\xc8\v2.45\pic\sources\c99\common\putch.c
		_putch         		CODE           	2018	0000	2

C:\Program Files\Microchip\xc8\v2.45\pic\sources\c99\common\putch.c estimated size: 2

shared
		_btn_values    		SMALLCONST     	1001	0000	16
		__initialization		CODE           	1E9A	0000	56

shared estimated size: 72

C:\Program Files\Microchip\xc8\v2.45\pic\sources\c99\common\abs.c
		_abs           		CODE           	1F4E	0000	52

C:\Program Files\Microchip\xc8\v2.45\pic\sources\c99\common\abs.c estimated size: 52

MCAL_Layer/GPIO/hal_gpio.c
		_gpio_pin_write_logic		CODE           	153E	0000	272
		_gpio_pin_intialize		CODE           	1C38	0000	94
		_gpio_pin_read_logic		CODE           	1A2C	0000	164
		_gpio_pin_direction_intialize		CODE           	1418	0000	294

MCAL_Layer/GPIO/hal_gpio.c estimated size: 824

C:\Program Files\Microchip\xc8\v2.45\pic\sources\c99\common\memset.c
		_memset        		CODE           	1F82	0000	48

C:\Program Files\Microchip\xc8\v2.45\pic\sources\c99\common\memset.c estimated size: 48

application.c
		_main          		CODE           	1020	0000	576
		_application_intialize		CODE           	2006	0000	18

application.c estimated size: 594

C:\Program Files\Microchip\xc8\v2.45\pic\sources\c99\common\nf_fputc.c
		_fputc         		CODE           	1982	0000	170

C:\Program Files\Microchip\xc8\v2.45\pic\sources\c99\common\nf_fputc.c estimated size: 170

C:\Program Files\Microchip\xc8\v2.45\pic\sources\c99\common\doprnt.c
		_vfpfcnvrt     		CODE           	1260	0000	440
		_vfprintf      		CODE           	1EDC	0000	62

C:\Program Files\Microchip\xc8\v2.45\pic\sources\c99\common\doprnt.c estimated size: 502

C:\Program Files\Microchip\xc8\v2.45\pic\sources\c99\common\awdiv.c
		___awdiv       		CODE           	180E	0000	196

C:\Program Files\Microchip\xc8\v2.45\pic\sources\c99\common\awdiv.c estimated size: 196

